// Vitest Snapshot v1, https://vitest.dev/guide/snapshot.html

exports[`huffmann > compute binary map 1`] = `
Map {
  "e" => "000",
  "m" => "0010",
  "o" => "0011",
  "i" => "010",
  "s" => "0110",
  "d" => "01110",
  "B" => "011110000",
  "h" => "011110001",
  "T" => "011110010",
  "C" => "011110011",
  "." => "0111101",
  "q" => "011111",
  " " => "100",
  "u" => "1010",
  "t" => "1011",
  "c" => "11000",
  "l" => "11001",
  "b" => "1101000",
  "M" => "110100100",
  "F" => "110100101",
  "x" => "11010011",
  "," => "1101010",
  "g" => "1101011",
  "n" => "11011",
  "a" => "1110",
  "r" => "11110",
  "f" => "1111100",
  "v" => "11111010",
  "?" => "111110110",
  "L" => "1111101110",
  "D" => "1111101111",
  "p" => "111111",
}
`;

exports[`huffmann > encode 1`] = `
[
  "1111101110",
  "0011",
  "11110",
  "000",
  "0010",
  "100",
  "010",
  "111111",
  "0110",
  "1010",
  "0010",
  "100",
  "01110",
  "0011",
  "11001",
  "0011",
  "11110",
  "100",
  "0110",
  "010",
  "1011",
  "100",
  "1110",
  "0010",
  "000",
  "1011",
  "1101010",
  "100",
  "11000",
  "0011",
  "11011",
  "0110",
  "000",
  "11000",
  "1011",
  "000",
  "1011",
  "1010",
  "11110",
  "100",
  "1110",
  "01110",
  "010",
  "111111",
  "010",
  "0110",
  "010",
  "11000",
  "010",
  "11011",
  "1101011",
  "100",
  "000",
  "11001",
  "010",
  "1011",
  "0111101",
  "100",
  "110100101",
  "1010",
  "1101011",
  "010",
  "1011",
  "100",
  "11110",
  "000",
  "010",
  "11000",
  "010",
  "000",
  "11011",
  "01110",
  "010",
  "0110",
  "100",
  "111111",
  "000",
  "11110",
  "0110",
  "111111",
  "010",
  "11000",
  "010",
  "1110",
  "1011",
  "010",
  "0110",
  "100",
  "000",
  "11010011",
  "111111",
  "000",
  "01110",
  "010",
  "1011",
  "1110",
  "100",
  "11011",
  "000",
  "0010",
  "0011",
  "100",
  "1110",
  "100",
  "11001",
  "010",
  "1101000",
  "000",
  "11110",
  "0011",
  "1101010",
  "100",
  "011111",
  "1010",
  "1110",
  "0110",
  "100",
  "010",
  "11011",
  "100",
  "0010",
  "1110",
  "010",
  "0011",
  "11110",
  "000",
  "0110",
  "100",
  "111111",
  "11001",
  "1110",
  "11000",
  "000",
  "1110",
  "1011",
  "0111101",
  "100",
  "1111101111",
  "0011",
  "11001",
  "0011",
  "11110",
  "000",
  "100",
  "011111",
  "1010",
  "1110",
  "0010",
  "100",
  "010",
  "111111",
  "0110",
  "1110",
  "100",
  "010",
  "1010",
  "11110",
  "000",
  "100",
  "1111100",
  "1010",
  "1101011",
  "010",
  "1110",
  "1011",
  "100",
  "11111010",
  "000",
  "11011",
  "010",
  "1110",
  "0010",
  "111110110",
  "100",
  "011110000",
  "11001",
  "1110",
  "11011",
  "01110",
  "010",
  "1011",
  "010",
  "010",
  "0110",
  "100",
  "0010",
  "1110",
  "1101011",
  "11011",
  "010",
  "100",
  "000",
  "11111010",
  "000",
  "11011",
  "010",
  "000",
  "1011",
  "100",
  "0010",
  "010",
  "11011",
  "1010",
  "0110",
  "100",
  "11011",
  "000",
  "0110",
  "11000",
  "010",
  "1010",
  "11011",
  "1011",
  "100",
  "000",
  "1110",
  "100",
  "11000",
  "0011",
  "11110",
  "11110",
  "1010",
  "111111",
  "1011",
  "010",
  "100",
  "0011",
  "111111",
  "1011",
  "010",
  "0011",
  "100",
  "11110",
  "000",
  "11110",
  "1010",
  "0010",
  "100",
  "0011",
  "1101000",
  "11000",
  "1110",
  "000",
  "11000",
  "1110",
  "1011",
  "010",
  "100",
  "01110",
  "010",
  "0110",
  "1011",
  "010",
  "11011",
  "11000",
  "1011",
  "010",
  "0011",
  "100",
  "0010",
  "1110",
  "11010011",
  "010",
  "0010",
  "000",
  "100",
  "01110",
  "000",
  "11001",
  "000",
  "11011",
  "010",
  "1011",
  "010",
  "1101010",
  "100",
  "011111",
  "1010",
  "0011",
  "100",
  "0010",
  "0011",
  "11001",
  "000",
  "0110",
  "1011",
  "010",
  "1110",
  "000",
  "100",
  "1010",
  "11011",
  "01110",
  "000",
  "100",
  "000",
  "0110",
  "1011",
  "1101010",
  "100",
  "1011",
  "000",
  "0010",
  "111111",
  "0011",
  "11110",
  "000",
  "100",
  "1110",
  "01110",
  "100",
  "11001",
  "1110",
  "1101000",
  "0011",
  "11110",
  "000",
  "100",
  "01110",
  "0011",
  "11001",
  "0011",
  "11110",
  "1010",
  "0010",
  "100",
  "11000",
  "1010",
  "0010",
  "100",
  "1011",
  "000",
  "0010",
  "111111",
  "0011",
  "11110",
  "1110",
  "100",
  "11000",
  "0011",
  "11011",
  "0110",
  "000",
  "11000",
  "1011",
  "000",
  "1011",
  "1010",
  "11110",
  "100",
  "011111",
  "1010",
  "010",
  "1110",
  "100",
  "010",
  "11011",
  "11000",
  "010",
  "01110",
  "1010",
  "11011",
  "1011",
  "100",
  "1111100",
  "1110",
  "11000",
  "010",
  "11001",
  "010",
  "0110",
  "0111101",
  "100",
  "110100101",
  "1010",
  "1101011",
  "010",
  "1110",
  "1011",
  "100",
  "000",
  "0110",
  "1011",
  "100",
  "0010",
  "1110",
  "1101011",
  "11011",
  "1110",
  "0010",
  "100",
  "1111100",
  "1010",
  "1101011",
  "1110",
  "100",
  "11000",
  "1010",
  "0010",
  "011111",
  "1010",
  "000",
  "1101010",
  "100",
  "1110",
  "11110",
  "11000",
  "011110001",
  "010",
  "1011",
  "000",
  "11000",
  "1011",
  "0011",
  "100",
  "111111",
  "1110",
  "11110",
  "010",
  "1110",
  "1011",
  "1010",
  "11110",
  "100",
  "1110",
  "0110",
  "111111",
  "000",
  "11110",
  "010",
  "0011",
  "11110",
  "000",
  "0110",
  "100",
  "1110",
  "01110",
  "100",
  "011111",
  "1010",
  "010",
  "100",
  "0110",
  "010",
  "0010",
  "010",
  "11001",
  "010",
  "011111",
  "1010",
  "000",
  "1101010",
  "100",
  "11000",
  "1010",
  "0010",
  "100",
  "1011",
  "000",
  "11011",
  "000",
  "1011",
  "1010",
  "11110",
  "100",
  "11001",
  "1110",
  "1101000",
  "0011",
  "11110",
  "010",
  "0011",
  "0110",
  "1110",
  "0010",
  "100",
  "0110",
  "000",
  "01110",
  "100",
  "111111",
  "11001",
  "1110",
  "11000",
  "000",
  "1110",
  "1011",
  "100",
  "1010",
  "11001",
  "11001",
  "1110",
  "0010",
  "1101010",
  "100",
  "0011",
  "0010",
  "11011",
  "010",
  "0110",
  "100",
  "11011",
  "1010",
  "11001",
  "11001",
  "1110",
  "0111101",
  "100",
  "011110010",
  "000",
  "11011",
  "000",
  "1011",
  "1010",
  "11110",
  "100",
  "11110",
  "000",
  "11110",
  "1010",
  "0010",
  "100",
  "0010",
  "0011",
  "11001",
  "000",
  "0110",
  "1011",
  "010",
  "1110",
  "000",
  "100",
  "011111",
  "1010",
  "0011",
  "01110",
  "100",
  "000",
  "0110",
  "0110",
  "000",
  "100",
  "11001",
  "1110",
  "1101000",
  "0011",
  "11110",
  "000",
  "100",
  "11000",
  "0011",
  "11011",
  "0110",
  "000",
  "011111",
  "1010",
  "1110",
  "1011",
  "1010",
  "11110",
  "100",
  "11001",
  "1110",
  "1010",
  "01110",
  "1110",
  "11011",
  "1011",
  "010",
  "1010",
  "0010",
  "100",
  "0011",
  "1111100",
  "1111100",
  "010",
  "11000",
  "010",
  "010",
  "0110",
  "100",
  "1110",
  "11001",
  "010",
  "011111",
  "1010",
  "1110",
  "0010",
  "0111101",
  "100",
  "011110011",
  "0011",
  "11011",
  "0110",
  "000",
  "011111",
  "1010",
  "1110",
  "1011",
  "1010",
  "11110",
  "100",
  "11111010",
  "000",
  "11110",
  "010",
  "1011",
  "1110",
  "1011",
  "010",
  "0110",
  "100",
  "0110",
  "1110",
  "000",
  "111111",
  "000",
  "100",
  "11011",
  "010",
  "0110",
  "010",
  "1101010",
  "100",
  "1010",
  "11011",
  "01110",
  "000",
  "100",
  "11111010",
  "0011",
  "11001",
  "1010",
  "111111",
  "1011",
  "1110",
  "1011",
  "010",
  "1101000",
  "1010",
  "0110",
  "100",
  "1110",
  "1011",
  "100",
  "0110",
  "000",
  "011111",
  "1010",
  "010",
  "100",
  "1110",
  "01110",
  "010",
  "111111",
  "010",
  "0110",
  "11000",
  "010",
  "0111101",
  "100",
  "110100100",
  "1110",
  "11010011",
  "010",
  "0010",
  "000",
  "100",
  "0011",
  "1111100",
  "1111100",
  "010",
  "11000",
  "010",
  "010",
  "0110",
  "100",
  "000",
  "11010011",
  "000",
  "11110",
  "11000",
  "010",
  "1011",
  "1110",
  "1011",
  "010",
  "0011",
  "11011",
  "000",
  "0010",
  "100",
  "010",
  "01110",
  "100",
  "1110",
  "11001",
  "010",
  "011111",
  "1010",
  "1110",
  "0010",
  "100",
  "1010",
  "11001",
  "11001",
  "1110",
  "0010",
  "100",
  "010",
  "1010",
  "0110",
  "1011",
  "0011",
  "100",
  "1111100",
  "1010",
  "1101011",
  "010",
  "1110",
  "1011",
  "100",
  "1110",
  "1010",
  "1011",
  "000",
  "0010",
  "100",
  "11001",
  "1110",
  "1010",
  "01110",
  "1110",
  "11011",
  "1011",
  "010",
  "1010",
  "0010",
  "111110110",
]
`;
